2026-09-24T16:10:59.280+05:30  INFO 15788 --- [main] s.mq.mqImplement.MqImplementApplication  : Starting MqImplementApplication using Java 26.0.1 with PID 15788 (C:\Files\Concepts_Implement\mqImplement\target\classes started by sabarivel.ganesan in C:\Files\Concepts_Implement)
2026-09-24T16:10:59.289+05:30  INFO 15788 --- [main] s.mq.mqImplement.MqImplementApplication  : No active profile set, falling back to 1 default profile: "default"
2026-09-24T16:10:59.957+05:30  INFO 15788 --- [main] .s.d.r.c.RepositoryConfigurationDelegate : Bootstrapping Spring Data JPA repositories in DEFAULT mode.
2026-09-24T16:10:59.973+05:30  INFO 15788 --- [main] .s.d.r.c.RepositoryConfigurationDelegate : Finished Spring Data repository scanning in 10 ms. Found 0 JPA repository interfaces.
2026-09-24T16:11:00.390+05:30  INFO 15788 --- [main] o.s.boot.tomcat.TomcatWebServer          : Tomcat initialized with port 8080 (http)
2026-09-24T16:11:00.402+05:30  INFO 15788 --- [main] o.apache.catalina.core.StandardService   : Starting service [Tomcat]
2026-09-24T16:11:00.402+05:30  INFO 15788 --- [main] o.apache.catalina.core.StandardEngine    : Starting Servlet engine: [Apache Tomcat/11.0.21]
2026-09-24T16:11:00.466+05:30  INFO 15788 --- [main] b.w.c.s.WebApplicationContextInitializer : Root WebApplicationContext: initialization completed in 1128 ms
2026-09-24T16:11:00.573+05:30  INFO 15788 --- [main] com.zaxxer.hikari.HikariDataSource       : HikariPool-1 - Starting...
2026-09-24T16:11:00.740+05:30  INFO 15788 --- [main] com.zaxxer.hikari.pool.HikariPool        : HikariPool-1 - Added connection conn0: url=jdbc:h2:mem:2271d537-9b09-4d92-8ccf-d47983c1b89a user=SA
2026-09-24T16:11:00.741+05:30  INFO 15788 --- [main] com.zaxxer.hikari.HikariDataSource       : HikariPool-1 - Start completed.
2026-09-24T16:11:00.767+05:30  INFO 15788 --- [main] org.hibernate.orm.jpa                    : HHH008540: Processing PersistenceUnitInfo [name: default]
2026-09-24T16:11:00.821+05:30  INFO 15788 --- [main] org.hibernate.orm.core                   : HHH000001: Hibernate ORM core version 7.2.12.Final
2026-09-24T16:11:01.195+05:30  INFO 15788 --- [main] o.s.o.j.p.SpringPersistenceUnitInfo      : No LoadTimeWeaver setup: ignoring JPA class transformer
2026-09-24T16:11:01.266+05:30  INFO 15788 --- [main] org.hibernate.orm.connections.pooling    : HHH10001005: Database info:
	Database JDBC URL [jdbc:h2:mem:2271d537-9b09-4d92-8ccf-d47983c1b89a]
	Database driver: H2 JDBC Driver
	Database dialect: H2Dialect
	Database version: 2.4.240
	Default catalog/schema: 2271D537-9B09-4D92-8CCF-D47983C1B89A/PUBLIC
	Autocommit mode: undefined/unknown
	Isolation level: READ_COMMITTED [default READ_COMMITTED]
	JDBC fetch size: 100
	Pool: DataSourceConnectionProvider
	Minimum pool size: undefined/unknown
	Maximum pool size: undefined/unknown
2026-09-24T16:11:01.707+05:30  INFO 15788 --- [main] org.hibernate.orm.core                   : HHH000489: No JTA platform available (set 'hibernate.transaction.jta.platform' to enable JTA platform integration)
2026-09-24T16:11:01.713+05:30  INFO 15788 --- [main] j.LocalContainerEntityManagerFactoryBean : Initialized JPA EntityManagerFactory for persistence unit 'default'
2026-09-24T16:11:01.873+05:30  WARN 15788 --- [main] JpaBaseConfiguration$JpaWebConfiguration : spring.jpa.open-in-view is enabled by default. Therefore, database queries may be performed during view rendering. Explicitly configure spring.jpa.open-in-view to disable this warning
2026-09-24T16:11:02.165+05:30  INFO 15788 --- [main] o.s.boot.tomcat.TomcatWebServer          : Tomcat started on port 8080 (http) with context path '/'
2026-09-24T16:11:02.167+05:30  INFO 15788 --- [main] o.s.a.r.c.CachingConnectionFactory       : Attempting to connect to: localhost:5672
2026-09-24T16:11:02.228+05:30  INFO 15788 --- [main] o.s.a.r.c.CachingConnectionFactory       : Created new connection: Common_CF#26a202ae:0/SimpleConnection@bae5e58 [delegate=amqp://guest@127.0.0.1:5672/, localPort=61917]
2026-09-24T16:11:02.305+05:30  INFO 15788 --- [main] o.s.a.r.c.CachingConnectionFactory       : Attempting to connect to: localhost:5672
2026-09-24T16:11:02.311+05:30  INFO 15788 --- [main] o.s.a.r.c.CachingConnectionFactory       : Created new connection: AN_CF#393bcd6b:0/SimpleConnection@4a7ac98b [delegate=amqp://user@127.0.0.1:5672/, localPort=61918]
2026-09-24T16:11:02.357+05:30  INFO 15788 --- [main] s.mq.mqImplement.MqImplementApplication  : Started MqImplementApplication in 3.562 seconds (process running for 4.49)
2026-09-24T16:11:49.298+05:30  INFO 15788 --- [org.springframework.amqp.rabbit.RabbitListenerEndpointContainer#10-2] o.s.a.r.l.SimpleMessageListenerContainer : Waiting for workers to finish.
2026-09-24T16:11:49.299+05:30  INFO 15788 --- [org.springframework.amqp.rabbit.RabbitListenerEndpointContainer#0-2] o.s.a.r.l.SimpleMessageListenerContainer : Waiting for workers to finish.
2026-09-24T16:11:49.302+05:30  INFO 15788 --- [org.springframework.amqp.rabbit.RabbitListenerEndpointContainer#1-4] o.s.a.r.l.SimpleMessageListenerContainer : Waiting for workers to finish.
2026-09-24T16:11:49.303+05:30  INFO 15788 --- [org.springframework.amqp.rabbit.RabbitListenerEndpointContainer#2-2] o.s.a.r.l.SimpleMessageListenerContainer : Waiting for workers to finish.
2026-09-24T16:11:49.304+05:30  INFO 15788 --- [org.springframework.amqp.rabbit.RabbitListenerEndpointContainer#3-2] o.s.a.r.l.SimpleMessageListenerContainer : Waiting for workers to finish.
2026-09-24T16:11:49.305+05:30  INFO 15788 --- [org.springframework.amqp.rabbit.RabbitListenerEndpointContainer#4-2] o.s.a.r.l.SimpleMessageListenerContainer : Waiting for workers to finish.
2026-09-24T16:11:49.306+05:30  INFO 15788 --- [org.springframework.amqp.rabbit.RabbitListenerEndpointContainer#5-2] o.s.a.r.l.SimpleMessageListenerContainer : Waiting for workers to finish.
2026-09-24T16:11:49.307+05:30  INFO 15788 --- [org.springframework.amqp.rabbit.RabbitListenerEndpointContainer#6-2] o.s.a.r.l.SimpleMessageListenerContainer : Waiting for workers to finish.
2026-09-24T16:11:49.307+05:30  INFO 15788 --- [org.springframework.amqp.rabbit.RabbitListenerEndpointContainer#7-2] o.s.a.r.l.SimpleMessageListenerContainer : Waiting for workers to finish.
2026-09-24T16:11:49.308+05:30  INFO 15788 --- [org.springframework.amqp.rabbit.RabbitListenerEndpointContainer#8-2] o.s.a.r.l.SimpleMessageListenerContainer : Waiting for workers to finish.
2026-09-24T16:11:49.309+05:30  INFO 15788 --- [org.springframework.amqp.rabbit.RabbitListenerEndpointContainer#9-2] o.s.a.r.l.SimpleMessageListenerContainer : Waiting for workers to finish.
2026-09-24T16:11:49.340+05:30  INFO 15788 --- [org.springframework.amqp.rabbit.RabbitListenerEndpointContainer#10-2] o.s.a.r.l.SimpleMessageListenerContainer : Successfully waited for workers to finish.
2026-09-24T16:11:49.356+05:30  INFO 15788 --- [org.springframework.amqp.rabbit.RabbitListenerEndpointContainer#0-2] o.s.a.r.l.SimpleMessageListenerContainer : Successfully waited for workers to finish.
2026-09-24T16:11:49.367+05:30  INFO 15788 --- [org.springframework.amqp.rabbit.RabbitListenerEndpointContainer#1-4] o.s.a.r.l.SimpleMessageListenerContainer : Successfully waited for workers to finish.
2026-09-24T16:11:49.373+05:30  INFO 15788 --- [org.springframework.amqp.rabbit.RabbitListenerEndpointContainer#3-2] o.s.a.r.l.SimpleMessageListenerContainer : Successfully waited for workers to finish.
2026-09-24T16:11:49.374+05:30  INFO 15788 --- [org.springframework.amqp.rabbit.RabbitListenerEndpointContainer#2-2] o.s.a.r.l.SimpleMessageListenerContainer : Successfully waited for workers to finish.
2026-09-24T16:11:49.375+05:30  INFO 15788 --- [org.springframework.amqp.rabbit.RabbitListenerEndpointContainer#6-2] o.s.a.r.l.SimpleMessageListenerContainer : Successfully waited for workers to finish.
2026-09-24T16:11:49.377+05:30  INFO 15788 --- [org.springframework.amqp.rabbit.RabbitListenerEndpointContainer#4-2] o.s.a.r.l.SimpleMessageListenerContainer : Successfully waited for workers to finish.
2026-09-24T16:11:49.377+05:30  INFO 15788 --- [org.springframework.amqp.rabbit.RabbitListenerEndpointContainer#5-2] o.s.a.r.l.SimpleMessageListenerContainer : Successfully waited for workers to finish.
2026-09-24T16:11:49.383+05:30  INFO 15788 --- [org.springframework.amqp.rabbit.RabbitListenerEndpointContainer#8-2] o.s.a.r.l.SimpleMessageListenerContainer : Successfully waited for workers to finish.
2026-09-24T16:11:49.387+05:30  INFO 15788 --- [org.springframework.amqp.rabbit.RabbitListenerEndpointContainer#7-2] o.s.a.r.l.SimpleMessageListenerContainer : Successfully waited for workers to finish.
2026-09-24T16:11:49.394+05:30  INFO 15788 --- [org.springframework.amqp.rabbit.RabbitListenerEndpointContainer#9-2] o.s.a.r.l.SimpleMessageListenerContainer : Successfully waited for workers to finish.
2026-09-24T16:11:49.395+05:30  INFO 15788 --- [SpringApplicationShutdownHook] o.s.boot.tomcat.GracefulShutdown         : Commencing graceful shutdown. Waiting for active requests to complete
2026-09-24T16:11:49.403+05:30  INFO 15788 --- [tomcat-shutdown] o.s.boot.tomcat.GracefulShutdown         : Graceful shutdown complete
2026-09-24T16:11:49.412+05:30  INFO 15788 --- [SpringApplicationShutdownHook] j.LocalContainerEntityManagerFactoryBean : Closing JPA EntityManagerFactory for persistence unit 'default'
2026-09-24T16:11:49.414+05:30  INFO 15788 --- [SpringApplicationShutdownHook] com.zaxxer.hikari.HikariDataSource       : HikariPool-1 - Shutdown initiated...
2026-09-24T16:11:49.415+05:30  INFO 15788 --- [SpringApplicationShutdownHook] com.zaxxer.hikari.HikariDataSource       : HikariPool-1 - Shutdown completed.
